# Generated by envexample dev.

# StartingConfig handles a configuration for a project with default env options.
#
# Listen address for our http server that is configured
# on multiple lines for testing.
ADDRESS=localhost
# Listen port for our http server.
PORT=8080
