# Generated by envexample dev.

# StartingConfig handles a configuration for a project with default env options.
#
# FromFile loads our value from a file at path
# Info: Value is loaded from a file at the path defined.
#FromFile=""
# NoEnvName where env struct tag is empty
#NoEnvName=""
# NoEnvStructTag at all
#NoEnvStructTag=""
# NotEmpty specifies a field is required and can not be empty
NotEmpty="can not be empty"
# RequiredNoDefault specifies a required value but no default
RequiredNoDefault=""
# UnsetVar will unset our environment variable after it is loaded
# Info: After loading environment variable is unset.
#UnsetVar=""
# WithEnvName sets our env var key
#WITH_ENV_NAME=""
